Archive member included to satisfy reference by file (symbol)

c:/progra~2/gnuarm~1/102021~1.10/bin/../lib/gcc/arm-none-eabi/10.3.1/../../../../arm-none-eabi/lib/thumb/v7e-m+fp/hard\libc_nano.a(lib_a-exit.o)
                              c:/progra~2/gnuarm~1/102021~1.10/bin/../lib/gcc/arm-none-eabi/10.3.1/../../../../arm-none-eabi/lib/thumb/v7e-m+fp/hard/crt0.o (exit)
c:/progra~2/gnuarm~1/102021~1.10/bin/../lib/gcc/arm-none-eabi/10.3.1/../../../../arm-none-eabi/lib/thumb/v7e-m+fp/hard\libc_nano.a(lib_a-impure.o)
                              c:/progra~2/gnuarm~1/102021~1.10/bin/../lib/gcc/arm-none-eabi/10.3.1/../../../../arm-none-eabi/lib/thumb/v7e-m+fp/hard\libc_nano.a(lib_a-exit.o) (_global_impure_ptr)
c:/progra~2/gnuarm~1/102021~1.10/bin/../lib/gcc/arm-none-eabi/10.3.1/../../../../arm-none-eabi/lib/thumb/v7e-m+fp/hard\libc_nano.a(lib_a-init.o)
                              c:/progra~2/gnuarm~1/102021~1.10/bin/../lib/gcc/arm-none-eabi/10.3.1/../../../../arm-none-eabi/lib/thumb/v7e-m+fp/hard/crt0.o (__libc_init_array)
c:/progra~2/gnuarm~1/102021~1.10/bin/../lib/gcc/arm-none-eabi/10.3.1/../../../../arm-none-eabi/lib/thumb/v7e-m+fp/hard\libc_nano.a(lib_a-memset.o)
                              c:/progra~2/gnuarm~1/102021~1.10/bin/../lib/gcc/arm-none-eabi/10.3.1/../../../../arm-none-eabi/lib/thumb/v7e-m+fp/hard/crt0.o (memset)
c:/progra~2/gnuarm~1/102021~1.10/bin/../lib/gcc/arm-none-eabi/10.3.1/thumb/v7e-m+fp/hard\libgcc.a(_aeabi_uldivmod.o)
                              CMakeFiles/cepptestprogrammer.dir/Drivers/STM32F7xx_HAL_Driver/Src/stm32f7xx_hal_rcc.c.obj (__aeabi_uldivmod)
c:/progra~2/gnuarm~1/102021~1.10/bin/../lib/gcc/arm-none-eabi/10.3.1/thumb/v7e-m+fp/hard\libgcc.a(_udivmoddi4.o)
                              c:/progra~2/gnuarm~1/102021~1.10/bin/../lib/gcc/arm-none-eabi/10.3.1/thumb/v7e-m+fp/hard\libgcc.a(_aeabi_uldivmod.o) (__udivmoddi4)
c:/progra~2/gnuarm~1/102021~1.10/bin/../lib/gcc/arm-none-eabi/10.3.1/thumb/v7e-m+fp/hard\libgcc.a(_dvmd_tls.o)
                              c:/progra~2/gnuarm~1/102021~1.10/bin/../lib/gcc/arm-none-eabi/10.3.1/thumb/v7e-m+fp/hard\libgcc.a(_aeabi_uldivmod.o) (__aeabi_ldiv0)
c:/progra~2/gnuarm~1/102021~1.10/bin/../lib/gcc/arm-none-eabi/10.3.1/../../../../arm-none-eabi/lib/thumb/v7e-m+fp/hard\libc_nano.a(lib_a-errno.o)
                              CMakeFiles/cepptestprogrammer.dir/Core/Src/syscalls.c.obj (__errno)

Discarded input sections

 .text          0x00000000        0x0 c:/progra~2/gnuarm~1/102021~1.10/bin/../lib/gcc/arm-none-eabi/10.3.1/thumb/v7e-m+fp/hard/crti.o
 .data          0x00000000        0x0 c:/progra~2/gnuarm~1/102021~1.10/bin/../lib/gcc/arm-none-eabi/10.3.1/thumb/v7e-m+fp/hard/crti.o
 .bss           0x00000000        0x0 c:/progra~2/gnuarm~1/102021~1.10/bin/../lib/gcc/arm-none-eabi/10.3.1/thumb/v7e-m+fp/hard/crti.o
 .data          0x00000000        0x4 c:/progra~2/gnuarm~1/102021~1.10/bin/../lib/gcc/arm-none-eabi/10.3.1/thumb/v7e-m+fp/hard/crtbegin.o
 .rodata        0x00000000       0x24 c:/progra~2/gnuarm~1/102021~1.10/bin/../lib/gcc/arm-none-eabi/10.3.1/thumb/v7e-m+fp/hard/crtbegin.o
 .text          0x00000000       0x7c c:/progra~2/gnuarm~1/102021~1.10/bin/../lib/gcc/arm-none-eabi/10.3.1/../../../../arm-none-eabi/lib/thumb/v7e-m+fp/hard/crt0.o
 .data          0x00000000        0x0 c:/progra~2/gnuarm~1/102021~1.10/bin/../lib/gcc/arm-none-eabi/10.3.1/../../../../arm-none-eabi/lib/thumb/v7e-m+fp/hard/crt0.o
 .bss           0x00000000        0x0 c:/progra~2/gnuarm~1/102021~1.10/bin/../lib/gcc/arm-none-eabi/10.3.1/../../../../arm-none-eabi/lib/thumb/v7e-m+fp/hard/crt0.o
 .ARM.extab     0x00000000        0x0 c:/progra~2/gnuarm~1/102021~1.10/bin/../lib/gcc/arm-none-eabi/10.3.1/../../../../arm-none-eabi/lib/thumb/v7e-m+fp/hard/crt0.o
 .ARM.exidx     0x00000000       0x10 c:/progra~2/gnuarm~1/102021~1.10/bin/../lib/gcc/arm-none-eabi/10.3.1/../../../../arm-none-eabi/lib/thumb/v7e-m+fp/hard/crt0.o
 .ARM.attributes
                0x00000000       0x1c c:/progra~2/gnuarm~1/102021~1.10/bin/../lib/gcc/arm-none-eabi/10.3.1/../../../../arm-none-eabi/lib/thumb/v7e-m+fp/hard/crt0.o
 .text          0x00000000        0x0 c:/progra~2/gnuarm~1/102021~1.10/bin/../lib/gcc/arm-none-eabi/10.3.1/../../../../arm-none-eabi/lib/thumb/v7e-m+fp/hard\libc_nano.a(lib_a-exit.o)
 .data          0x00000000        0x0 c:/progra~2/gnuarm~1/102021~1.10/bin/../lib/gcc/arm-none-eabi/10.3.1/../../../../arm-none-eabi/lib/thumb/v7e-m+fp/hard\libc_nano.a(lib_a-exit.o)
 .bss           0x00000000        0x0 c:/progra~2/gnuarm~1/102021~1.10/bin/../lib/gcc/arm-none-eabi/10.3.1/../../../../arm-none-eabi/lib/thumb/v7e-m+fp/hard\libc_nano.a(lib_a-exit.o)
 .text.exit     0x00000000       0x28 c:/progra~2/gnuarm~1/102021~1.10/bin/../lib/gcc/arm-none-eabi/10.3.1/../../../../arm-none-eabi/lib/thumb/v7e-m+fp/hard\libc_nano.a(lib_a-exit.o)
[...]
Memory Configuration

Name             Origin             Length             Attributes
RAM              0x20000000         0x00080000         xrw
FLASH            0x08000000         0x00200000         xr
*default*        0x00000000         0xffffffff

Linker script and memory map

LOAD c:/progra~2/gnuarm~1/102021~1.10/bin/../lib/gcc/arm-none-eabi/10.3.1/thumb/v7e-m+fp/hard/crti.o
LOAD c:/progra~2/gnuarm~1/102021~1.10/bin/../lib/gcc/arm-none-eabi/10.3.1/thumb/v7e-m+fp/hard/crtbegin.o
LOAD c:/progra~2/gnuarm~1/102021~1.10/bin/../lib/gcc/arm-none-eabi/10.3.1/../../../../arm-none-eabi/lib/thumb/v7e-m+fp/hard/crt0.o
START GROUP
LOAD c:/progra~2/gnuarm~1/102021~1.10/bin/../lib/gcc/arm-none-eabi/10.3.1/../../../../arm-none-eabi/lib/thumb/v7e-m+fp/hard\libc_nano.a
LOAD c:/progra~2/gnuarm~1/102021~1.10/bin/../lib/gcc/arm-none-eabi/10.3.1/../../../../arm-none-eabi/lib/thumb/v7e-m+fp/hard\libm.a
LOAD c:/progra~2/gnuarm~1/102021~1.10/bin/../lib/gcc/arm-none-eabi/10.3.1/../../../../arm-none-eabi/lib/thumb/v7e-m+fp/hard\libstdc++_nano.a
END GROUP
LOAD CMakeFiles/cepptestprogrammer.dir/Core/Src/main.c.obj
LOAD CMakeFiles/cepptestprogrammer.dir/Core/Src/stm32f7xx_hal_msp.c.obj
LOAD CMakeFiles/cepptestprogrammer.dir/Core/Src/stm32f7xx_it.c.obj
LOAD CMakeFiles/cepptestprogrammer.dir/Core/Src/syscalls.c.obj
LOAD CMakeFiles/cepptestprogrammer.dir/Core/Src/sysmem.c.obj
LOAD CMakeFiles/cepptestprogrammer.dir/Core/Src/system_stm32f7xx.c.obj
LOAD CMakeFiles/cepptestprogrammer.dir/Drivers/STM32F7xx_HAL_Driver/Src/stm32f7xx_hal.c.obj
LOAD CMakeFiles/cepptestprogrammer.dir/Drivers/STM32F7xx_HAL_Driver/Src/stm32f7xx_hal_cortex.c.obj
LOAD CMakeFiles/cepptestprogrammer.dir/Drivers/STM32F7xx_HAL_Driver/Src/stm32f7xx_hal_dac.c.obj
LOAD CMakeFiles/cepptestprogrammer.dir/Drivers/STM32F7xx_HAL_Driver/Src/stm32f7xx_hal_dac_ex.c.obj
LOAD CMakeFiles/cepptestprogrammer.dir/Drivers/STM32F7xx_HAL_Driver/Src/stm32f7xx_hal_dma.c.obj
LOAD CMakeFiles/cepptestprogrammer.dir/Drivers/STM32F7xx_HAL_Driver/Src/stm32f7xx_hal_dma_ex.c.obj
LOAD CMakeFiles/cepptestprogrammer.dir/Drivers/STM32F7xx_HAL_Driver/Src/stm32f7xx_hal_eth.c.obj
LOAD CMakeFiles/cepptestprogrammer.dir/Drivers/STM32F7xx_HAL_Driver/Src/stm32f7xx_hal_exti.c.obj
LOAD CMakeFiles/cepptestprogrammer.dir/Drivers/STM32F7xx_HAL_Driver/Src/stm32f7xx_hal_flash.c.obj
LOAD CMakeFiles/cepptestprogrammer.dir/Drivers/STM32F7xx_HAL_Driver/Src/stm32f7xx_hal_flash_ex.c.obj
LOAD CMakeFiles/cepptestprogrammer.dir/Drivers/STM32F7xx_HAL_Driver/Src/stm32f7xx_hal_gpio.c.obj
LOAD CMakeFiles/cepptestprogrammer.dir/Drivers/STM32F7xx_HAL_Driver/Src/stm32f7xx_hal_i2c.c.obj
LOAD CMakeFiles/cepptestprogrammer.dir/Drivers/STM32F7xx_HAL_Driver/Src/stm32f7xx_hal_i2c_ex.c.obj
LOAD CMakeFiles/cepptestprogrammer.dir/Drivers/STM32F7xx_HAL_Driver/Src/stm32f7xx_hal_pcd.c.obj
LOAD CMakeFiles/cepptestprogrammer.dir/Drivers/STM32F7xx_HAL_Driver/Src/stm32f7xx_hal_pcd_ex.c.obj
LOAD CMakeFiles/cepptestprogrammer.dir/Drivers/STM32F7xx_HAL_Driver/Src/stm32f7xx_hal_pwr.c.obj
LOAD CMakeFiles/cepptestprogrammer.dir/Drivers/STM32F7xx_HAL_Driver/Src/stm32f7xx_hal_pwr_ex.c.obj
LOAD CMakeFiles/cepptestprogrammer.dir/Drivers/STM32F7xx_HAL_Driver/Src/stm32f7xx_hal_rcc.c.obj
LOAD CMakeFiles/cepptestprogrammer.dir/Drivers/STM32F7xx_HAL_Driver/Src/stm32f7xx_hal_rcc_ex.c.obj
LOAD CMakeFiles/cepptestprogrammer.dir/Drivers/STM32F7xx_HAL_Driver/Src/stm32f7xx_hal_tim.c.obj
LOAD CMakeFiles/cepptestprogrammer.dir/Drivers/STM32F7xx_HAL_Driver/Src/stm32f7xx_hal_tim_ex.c.obj
LOAD CMakeFiles/cepptestprogrammer.dir/Drivers/STM32F7xx_HAL_Driver/Src/stm32f7xx_hal_uart.c.obj
LOAD CMakeFiles/cepptestprogrammer.dir/Drivers/STM32F7xx_HAL_Driver/Src/stm32f7xx_hal_uart_ex.c.obj
LOAD CMakeFiles/cepptestprogrammer.dir/Drivers/STM32F7xx_HAL_Driver/Src/stm32f7xx_ll_usb.c.obj
LOAD CMakeFiles/cepptestprogrammer.dir/Core/Startup/startup_stm32f767zitx.s.obj
START GROUP
LOAD c:/progra~2/gnuarm~1/102021~1.10/bin/../lib/gcc/arm-none-eabi/10.3.1/thumb/v7e-m+fp/hard\libgcc.a
LOAD c:/progra~2/gnuarm~1/102021~1.10/bin/../lib/gcc/arm-none-eabi/10.3.1/../../../../arm-none-eabi/lib/thumb/v7e-m+fp/hard\libc_nano.a
END GROUP
START GROUP
LOAD c:/progra~2/gnuarm~1/102021~1.10/bin/../lib/gcc/arm-none-eabi/10.3.1/thumb/v7e-m+fp/hard\libgcc.a
LOAD c:/progra~2/gnuarm~1/102021~1.10/bin/../lib/gcc/arm-none-eabi/10.3.1/../../../../arm-none-eabi/lib/thumb/v7e-m+fp/hard\libc_nano.a
LOAD c:/progra~2/gnuarm~1/102021~1.10/bin/../lib/gcc/arm-none-eabi/10.3.1/../../../../arm-none-eabi/lib/thumb/v7e-m+fp/hard\libnosys.a
END GROUP
START GROUP
LOAD c:/progra~2/gnuarm~1/102021~1.10/bin/../lib/gcc/arm-none-eabi/10.3.1/thumb/v7e-m+fp/hard\libgcc.a
LOAD c:/progra~2/gnuarm~1/102021~1.10/bin/../lib/gcc/arm-none-eabi/10.3.1/../../../../arm-none-eabi/lib/thumb/v7e-m+fp/hard\libc_nano.a
LOAD c:/progra~2/gnuarm~1/102021~1.10/bin/../lib/gcc/arm-none-eabi/10.3.1/../../../../arm-none-eabi/lib/thumb/v7e-m+fp/hard\libnosys.a
END GROUP
LOAD c:/progra~2/gnuarm~1/102021~1.10/bin/../lib/gcc/arm-none-eabi/10.3.1/thumb/v7e-m+fp/hard/crtend.o
LOAD c:/progra~2/gnuarm~1/102021~1.10/bin/../lib/gcc/arm-none-eabi/10.3.1/thumb/v7e-m+fp/hard/crtn.o
                0x20080000                _estack = (ORIGIN (RAM) + LENGTH (RAM))
                0x00000200                _Min_Heap_Size = 0x200
                0x00000400                _Min_Stack_Size = 0x400

.isr_vector     0x08000000      0x1f8
                0x08000000                . = ALIGN (0x4)
 *(.isr_vector)
 .isr_vector    0x08000000      0x1f8 CMakeFiles/cepptestprogrammer.dir/Core/Startup/startup_stm32f767zitx.s.obj
                0x08000000                g_pfnVectors
                0x080001f8                . = ALIGN (0x4)

.text           0x080001f8     0x5b44
                0x080001f8                . = ALIGN (0x4)
 *(.text)
 .text          0x080001f8       0x40 c:/progra~2/gnuarm~1/102021~1.10/bin/../lib/gcc/arm-none-eabi/10.3.1/thumb/v7e-m+fp/hard/crtbegin.o
 .text          0x08000238       0x30 c:/progra~2/gnuarm~1/102021~1.10/bin/../lib/gcc/arm-none-eabi/10.3.1/thumb/v7e-m+fp/hard\libgcc.a(_aeabi_uldivmod.o)
                0x08000238                __aeabi_uldivmod
 .text          0x08000268      0x2d0 c:/progra~2/gnuarm~1/102021~1.10/bin/../lib/gcc/arm-none-eabi/10.3.1/thumb/v7e-m+fp/hard\libgcc.a(_udivmoddi4.o)
                0x08000268                __udivmoddi4
 .text          0x08000538        0x4 c:/progra~2/gnuarm~1/102021~1.10/bin/../lib/gcc/arm-none-eabi/10.3.1/thumb/v7e-m+fp/hard\libgcc.a(_dvmd_tls.o)
                0x08000538                __aeabi_idiv0
                0x08000538                __aeabi_ldiv0
 *(.text*)
 .text.__libc_init_array
                0x0800053c       0x48 c:/progra~2/gnuarm~1/102021~1.10/bin/../lib/gcc/arm-none-eabi/10.3.1/../../../../arm-none-eabi/lib/thumb/v7e-m+fp/hard\libc_nano.a(lib_a-init.o)
                0x0800053c                __libc_init_array
 .text.memset   0x08000584       0x10 c:/progra~2/gnuarm~1/102021~1.10/bin/../lib/gcc/arm-none-eabi/10.3.1/../../../../arm-none-eabi/lib/thumb/v7e-m+fp/hard\libc_nano.a(lib_a-memset.o)
                0x08000584                memset
 .text.main     0x08000594      0x1b4 CMakeFiles/cepptestprogrammer.dir/Core/Src/main.c.obj
                0x08000594                main
 .text.SystemClock_Config
                0x08000748       0xe0 CMakeFiles/cepptestprogrammer.dir/Core/Src/main.c.obj
                0x08000748                SystemClock_Config
 .text.MX_DAC_Init
                0x08000828       0x54 CMakeFiles/cepptestprogrammer.dir/Core/Src/main.c.obj
 .text.MX_ETH_Init
                0x0800087c       0x9c CMakeFiles/cepptestprogrammer.dir/Core/Src/main.c.obj
 .text.MX_I2C1_Init
                0x08000918       0x80 CMakeFiles/cepptestprogrammer.dir/Core/Src/main.c.obj
 .text.MX_TIM2_Init
                0x08000998       0xf0 CMakeFiles/cepptestprogrammer.dir/Core/Src/main.c.obj
 .text.MX_USART3_UART_Init
                0x08000a88       0x60 CMakeFiles/cepptestprogrammer.dir/Core/Src/main.c.obj
 .text.MX_USART6_UART_Init
                0x08000ae8       0x60 CMakeFiles/cepptestprogrammer.dir/Core/Src/main.c.obj
 .text.MX_USB_OTG_FS_PCD_Init
                0x08000b48       0x5c CMakeFiles/cepptestprogrammer.dir/Core/Src/main.c.obj
 .text.MX_DMA_Init
                0x08000ba4       0x3c CMakeFiles/cepptestprogrammer.dir/Core/Src/main.c.obj
 .text.MX_GPIO_Init
                0x08000be0      0x1f8 CMakeFiles/cepptestprogrammer.dir/Core/Src/main.c.obj
 .text.Error_Handler
                0x08000dd8        0xa CMakeFiles/cepptestprogrammer.dir/Core/Src/main.c.obj
                0x08000dd8                Error_Handler
 *fill*         0x08000de2        0x2 
 .text.HAL_MspInit
                0x08000de4       0x48 CMakeFiles/cepptestprogrammer.dir/Core/Src/stm32f7xx_hal_msp.c.obj
                0x08000de4                HAL_MspInit
 .text.HAL_DAC_MspInit
                0x08000e2c       0xe8 CMakeFiles/cepptestprogrammer.dir/Core/Src/stm32f7xx_hal_msp.c.obj
                0x08000e2c                HAL_DAC_MspInit
 .text.HAL_ETH_MspInit
                0x08000f14      0x170 CMakeFiles/cepptestprogrammer.dir/Core/Src/stm32f7xx_hal_msp.c.obj
                0x08000f14                HAL_ETH_MspInit
 .text.HAL_I2C_MspInit
                0x08001084       0xc0 CMakeFiles/cepptestprogrammer.dir/Core/Src/stm32f7xx_hal_msp.c.obj
                0x08001084                HAL_I2C_MspInit
 .text.HAL_TIM_Base_MspInit
                0x08001144       0x3c CMakeFiles/cepptestprogrammer.dir/Core/Src/stm32f7xx_hal_msp.c.obj
                0x08001144                HAL_TIM_Base_MspInit
 .text.HAL_TIM_MspPostInit
                0x08001180       0x6c CMakeFiles/cepptestprogrammer.dir/Core/Src/stm32f7xx_hal_msp.c.obj
                0x08001180                HAL_TIM_MspPostInit
 .text.HAL_UART_MspInit
                0x080011ec      0x14c CMakeFiles/cepptestprogrammer.dir/Core/Src/stm32f7xx_hal_msp.c.obj
                0x080011ec                HAL_UART_MspInit
 .text.HAL_PCD_MspInit
                0x08001338       0xf4 CMakeFiles/cepptestprogrammer.dir/Core/Src/stm32f7xx_hal_msp.c.obj
                0x08001338                HAL_PCD_MspInit
 .text.NMI_Handler
                0x0800142c        0x6 CMakeFiles/cepptestprogrammer.dir/Core/Src/stm32f7xx_it.c.obj
                0x0800142c                NMI_Handler
 .text.HardFault_Handler
                0x08001432        0x6 CMakeFiles/cepptestprogrammer.dir/Core/Src/stm32f7xx_it.c.obj
                0x08001432                HardFault_Handler
 .text.MemManage_Handler
                0x08001438        0x6 CMakeFiles/cepptestprogrammer.dir/Core/Src/stm32f7xx_it.c.obj
                0x08001438                MemManage_Handler
 .text.BusFault_Handler
                0x0800143e        0x6 CMakeFiles/cepptestprogrammer.dir/Core/Src/stm32f7xx_it.c.obj
                0x0800143e                BusFault_Handler
 .text.UsageFault_Handler
                0x08001444        0x6 CMakeFiles/cepptestprogrammer.dir/Core/Src/stm32f7xx_it.c.obj
                0x08001444                UsageFault_Handler
 .text.SVC_Handler
                0x0800144a        0xe CMakeFiles/cepptestprogrammer.dir/Core/Src/stm32f7xx_it.c.obj
                0x0800144a                SVC_Handler
 .text.DebugMon_Handler
                0x08001458        0xe CMakeFiles/cepptestprogrammer.dir/Core/Src/stm32f7xx_it.c.obj
                0x08001458                DebugMon_Handler
 .text.PendSV_Handler
                0x08001466        0xe CMakeFiles/cepptestprogrammer.dir/Core/Src/stm32f7xx_it.c.obj
                0x08001466                PendSV_Handler
 .text.SysTick_Handler
                0x08001474        0xc CMakeFiles/cepptestprogrammer.dir/Core/Src/stm32f7xx_it.c.obj
                0x08001474                SysTick_Handler
 .text.DMA1_Stream5_IRQHandler
                0x08001480       0x14 CMakeFiles/cepptestprogrammer.dir/Core/Src/stm32f7xx_it.c.obj
                0x08001480                DMA1_Stream5_IRQHandler
 .text.SystemInit
                0x08001494       0x24 CMakeFiles/cepptestprogrammer.dir/Core/Src/system_stm32f7xx.c.obj
                0x08001494                SystemInit
 .text.HAL_Init
                0x080014b8       0x1a CMakeFiles/cepptestprogrammer.dir/Drivers/STM32F7xx_HAL_Driver/Src/stm32f7xx_hal.c.obj
                0x080014b8                HAL_Init
 *fill*         0x080014d2        0x2 
 .text.HAL_InitTick
                0x080014d4       0x60 CMakeFiles/cepptestprogrammer.dir/Drivers/STM32F7xx_HAL_Driver/Src/stm32f7xx_hal.c.obj
                0x080014d4                HAL_InitTick
 .text.HAL_IncTick
                0x08001534       0x28 CMakeFiles/cepptestprogrammer.dir/Drivers/STM32F7xx_HAL_Driver/Src/stm32f7xx_hal.c.obj
                0x08001534                HAL_IncTick
 .text.HAL_GetTick
                0x0800155c       0x18 CMakeFiles/cepptestprogrammer.dir/Drivers/STM32F7xx_HAL_Driver/Src/stm32f7xx_hal.c.obj
                0x0800155c                HAL_GetTick
 .text.HAL_Delay
                0x08001574       0x48 CMakeFiles/cepptestprogrammer.dir/Drivers/STM32F7xx_HAL_Driver/Src/stm32f7xx_hal.c.obj
                0x08001574                HAL_Delay
 .text.__NVIC_SetPriorityGrouping
                0x080015bc       0x48 CMakeFiles/cepptestprogrammer.dir/Drivers/STM32F7xx_HAL_Driver/Src/stm32f7xx_hal_cortex.c.obj
 .text.__NVIC_GetPriorityGrouping
                0x08001604       0x1c CMakeFiles/cepptestprogrammer.dir/Drivers/STM32F7xx_HAL_Driver/Src/stm32f7xx_hal_cortex.c.obj
 .text.__NVIC_EnableIRQ
                0x08001620       0x3c CMakeFiles/cepptestprogrammer.dir/Drivers/STM32F7xx_HAL_Driver/Src/stm32f7xx_hal_cortex.c.obj
 .text.__NVIC_SetPriority
                0x0800165c       0x54 CMakeFiles/cepptestprogrammer.dir/Drivers/STM32F7xx_HAL_Driver/Src/stm32f7xx_hal_cortex.c.obj
 .text.NVIC_EncodePriority
                0x080016b0       0x66 CMakeFiles/cepptestprogrammer.dir/Drivers/STM32F7xx_HAL_Driver/Src/stm32f7xx_hal_cortex.c.obj
 *fill*         0x08001716        0x2 
 .text.SysTick_Config
                0x08001718       0x44 CMakeFiles/cepptestprogrammer.dir/Drivers/STM32F7xx_HAL_Driver/Src/stm32f7xx_hal_cortex.c.obj
 .text.HAL_NVIC_SetPriorityGrouping
                0x0800175c       0x16 CMakeFiles/cepptestprogrammer.dir/Drivers/STM32F7xx_HAL_Driver/Src/stm32f7xx_hal_cortex.c.obj
                0x0800175c                HAL_NVIC_SetPriorityGrouping
 .text.HAL_NVIC_SetPriority
                0x08001772       0x38 CMakeFiles/cepptestprogrammer.dir/Drivers/STM32F7xx_HAL_Driver/Src/stm32f7xx_hal_cortex.c.obj
                0x08001772                HAL_NVIC_SetPriority
 .text.HAL_NVIC_EnableIRQ
                0x080017aa       0x1c CMakeFiles/cepptestprogrammer.dir/Drivers/STM32F7xx_HAL_Driver/Src/stm32f7xx_hal_cortex.c.obj
                0x080017aa                HAL_NVIC_EnableIRQ
 .text.HAL_SYSTICK_Config
                0x080017c6       0x18 CMakeFiles/cepptestprogrammer.dir/Drivers/STM32F7xx_HAL_Driver/Src/stm32f7xx_hal_cortex.c.obj
                0x080017c6                HAL_SYSTICK_Config
 .text.HAL_DAC_Init
                0x080017de       0x44 CMakeFiles/cepptestprogrammer.dir/Drivers/STM32F7xx_HAL_Driver/Src/stm32f7xx_hal_dac.c.obj
                0x080017de                HAL_DAC_Init
 .text.HAL_DAC_Start
                0x08001822       0xa4 CMakeFiles/cepptestprogrammer.dir/Drivers/STM32F7xx_HAL_Driver/Src/stm32f7xx_hal_dac.c.obj
                0x08001822                HAL_DAC_Start
 .text.HAL_DAC_ConfigChannel
                0x080018c6       0x9e CMakeFiles/cepptestprogrammer.dir/Drivers/STM32F7xx_HAL_Driver/Src/stm32f7xx_hal_dac.c.obj
                0x080018c6                HAL_DAC_ConfigChannel
 .text.HAL_DMA_Init
                0x08001964      0x15c CMakeFiles/cepptestprogrammer.dir/Drivers/STM32F7xx_HAL_Driver/Src/stm32f7xx_hal_dma.c.obj
                0x08001964                HAL_DMA_Init
 .text.HAL_DMA_IRQHandler
                0x08001ac0      0x314 CMakeFiles/cepptestprogrammer.dir/Drivers/STM32F7xx_HAL_Driver/Src/stm32f7xx_hal_dma.c.obj
                0x08001ac0                HAL_DMA_IRQHandler
 .text.DMA_CalcBaseAndBitshift
                0x08001dd4       0x6c CMakeFiles/cepptestprogrammer.dir/Drivers/STM32F7xx_HAL_Driver/Src/stm32f7xx_hal_dma.c.obj
 .text.DMA_CheckFifoParam
                0x08001e40       0xf8 CMakeFiles/cepptestprogrammer.dir/Drivers/STM32F7xx_HAL_Driver/Src/stm32f7xx_hal_dma.c.obj
 .text.HAL_ETH_Init
                0x08001f38       0xf8 CMakeFiles/cepptestprogrammer.dir/Drivers/STM32F7xx_HAL_Driver/Src/stm32f7xx_hal_eth.c.obj
                0x08001f38                HAL_ETH_Init
 .text.ETH_SetMACConfig
                0x08002030      0x160 CMakeFiles/cepptestprogrammer.dir/Drivers/STM32F7xx_HAL_Driver/Src/stm32f7xx_hal_eth.c.obj
 .text.ETH_SetDMAConfig
                0x08002190      0x114 CMakeFiles/cepptestprogrammer.dir/Drivers/STM32F7xx_HAL_Driver/Src/stm32f7xx_hal_eth.c.obj
 .text.ETH_MACDMAConfig
                0x080022a4       0xe4 CMakeFiles/cepptestprogrammer.dir/Drivers/STM32F7xx_HAL_Driver/Src/stm32f7xx_hal_eth.c.obj
 .text.ETH_MACAddressConfig
                0x08002388       0x70 CMakeFiles/cepptestprogrammer.dir/Drivers/STM32F7xx_HAL_Driver/Src/stm32f7xx_hal_eth.c.obj
 .text.ETH_DMATxDescListInit
                0x080023f8       0xb2 CMakeFiles/cepptestprogrammer.dir/Drivers/STM32F7xx_HAL_Driver/Src/stm32f7xx_hal_eth.c.obj
 .text.ETH_DMARxDescListInit
                0x080024aa       0xda CMakeFiles/cepptestprogrammer.dir/Drivers/STM32F7xx_HAL_Driver/Src/stm32f7xx_hal_eth.c.obj
 .text.HAL_GPIO_Init
                0x08002584      0x358 CMakeFiles/cepptestprogrammer.dir/Drivers/STM32F7xx_HAL_Driver/Src/stm32f7xx_hal_gpio.c.obj
                0x08002584                HAL_GPIO_Init
 .text.HAL_GPIO_WritePin
                0x080028dc       0x32 CMakeFiles/cepptestprogrammer.dir/Drivers/STM32F7xx_HAL_Driver/Src/stm32f7xx_hal_gpio.c.obj
                0x080028dc                HAL_GPIO_WritePin
 .text.HAL_I2C_Init
                0x0800290e      0x11e CMakeFiles/cepptestprogrammer.dir/Drivers/STM32F7xx_HAL_Driver/Src/stm32f7xx_hal_i2c.c.obj
                0x0800290e                HAL_I2C_Init
 .text.HAL_I2CEx_ConfigAnalogFilter
                0x08002a2c       0x96 CMakeFiles/cepptestprogrammer.dir/Drivers/STM32F7xx_HAL_Driver/Src/stm32f7xx_hal_i2c_ex.c.obj
                0x08002a2c                HAL_I2CEx_ConfigAnalogFilter
 .text.HAL_I2CEx_ConfigDigitalFilter
                0x08002ac2       0x98 CMakeFiles/cepptestprogrammer.dir/Drivers/STM32F7xx_HAL_Driver/Src/stm32f7xx_hal_i2c_ex.c.obj
                0x08002ac2                HAL_I2CEx_ConfigDigitalFilter
 .text.HAL_PCD_Init
                0x08002b5a      0x248 CMakeFiles/cepptestprogrammer.dir/Drivers/STM32F7xx_HAL_Driver/Src/stm32f7xx_hal_pcd.c.obj
                0x08002b5a                HAL_PCD_Init
 .text.HAL_PCDEx_ActivateLPM
                0x08002da2       0x48 CMakeFiles/cepptestprogrammer.dir/Drivers/STM32F7xx_HAL_Driver/Src/stm32f7xx_hal_pcd_ex.c.obj
                0x08002da2                HAL_PCDEx_ActivateLPM
 *fill*         0x08002dea        0x2 
 .text.HAL_PWR_EnableBkUpAccess
                0x08002dec       0x20 CMakeFiles/cepptestprogrammer.dir/Drivers/STM32F7xx_HAL_Driver/Src/stm32f7xx_hal_pwr.c.obj
                0x08002dec                HAL_PWR_EnableBkUpAccess
 .text.HAL_PWREx_EnableOverDrive
                0x08002e0c       0xa0 CMakeFiles/cepptestprogrammer.dir/Drivers/STM32F7xx_HAL_Driver/Src/stm32f7xx_hal_pwr_ex.c.obj
                0x08002e0c                HAL_PWREx_EnableOverDrive
 .text.HAL_RCC_OscConfig
                0x08002eac      0x55c CMakeFiles/cepptestprogrammer.dir/Drivers/STM32F7xx_HAL_Driver/Src/stm32f7xx_hal_rcc.c.obj
                0x08002eac                HAL_RCC_OscConfig
 .text.HAL_RCC_ClockConfig
                0x08003408      0x1d8 CMakeFiles/cepptestprogrammer.dir/Drivers/STM32F7xx_HAL_Driver/Src/stm32f7xx_hal_rcc.c.obj
                0x08003408                HAL_RCC_ClockConfig
 .text.HAL_RCC_GetSysClockFreq
                0x080035e0      0x20c CMakeFiles/cepptestprogrammer.dir/Drivers/STM32F7xx_HAL_Driver/Src/stm32f7xx_hal_rcc.c.obj
                0x080035e0                HAL_RCC_GetSysClockFreq
 .text.HAL_RCC_GetHCLKFreq
                0x080037ec       0x18 CMakeFiles/cepptestprogrammer.dir/Drivers/STM32F7xx_HAL_Driver/Src/stm32f7xx_hal_rcc.c.obj
                0x080037ec                HAL_RCC_GetHCLKFreq
 .text.HAL_RCC_GetPCLK1Freq
                0x08003804       0x28 CMakeFiles/cepptestprogrammer.dir/Drivers/STM32F7xx_HAL_Driver/Src/stm32f7xx_hal_rcc.c.obj
                0x08003804                HAL_RCC_GetPCLK1Freq
 .text.HAL_RCC_GetPCLK2Freq
                0x0800382c       0x28 CMakeFiles/cepptestprogrammer.dir/Drivers/STM32F7xx_HAL_Driver/Src/stm32f7xx_hal_rcc.c.obj
                0x0800382c                HAL_RCC_GetPCLK2Freq
 .text.HAL_RCCEx_PeriphCLKConfig
                0x08003854      0x850 CMakeFiles/cepptestprogrammer.dir/Drivers/STM32F7xx_HAL_Driver/Src/stm32f7xx_hal_rcc_ex.c.obj
                0x08003854                HAL_RCCEx_PeriphCLKConfig
 .text.HAL_TIM_Base_Init
                0x080040a4       0xae CMakeFiles/cepptestprogrammer.dir/Drivers/STM32F7xx_HAL_Driver/Src/stm32f7xx_hal_tim.c.obj
                0x080040a4                HAL_TIM_Base_Init
 .text.HAL_TIM_PWM_Init
                0x08004152       0xae CMakeFiles/cepptestprogrammer.dir/Drivers/STM32F7xx_HAL_Driver/Src/stm32f7xx_hal_tim.c.obj
                0x08004152                HAL_TIM_PWM_Init
 .text.HAL_TIM_PWM_MspInit
                0x08004200       0x14 CMakeFiles/cepptestprogrammer.dir/Drivers/STM32F7xx_HAL_Driver/Src/stm32f7xx_hal_tim.c.obj
                0x08004200                HAL_TIM_PWM_MspInit
 .text.HAL_TIM_PWM_ConfigChannel
                0x08004214      0x228 CMakeFiles/cepptestprogrammer.dir/Drivers/STM32F7xx_HAL_Driver/Src/stm32f7xx_hal_tim.c.obj
                0x08004214                HAL_TIM_PWM_ConfigChannel
 .text.HAL_TIM_ConfigClockSource
                0x0800443c      0x192 CMakeFiles/cepptestprogrammer.dir/Drivers/STM32F7xx_HAL_Driver/Src/stm32f7xx_hal_tim.c.obj
                0x0800443c                HAL_TIM_ConfigClockSource
 *fill*         0x080045ce        0x2 
 .text.TIM_Base_SetConfig
                0x080045d0      0x140 CMakeFiles/cepptestprogrammer.dir/Drivers/STM32F7xx_HAL_Driver/Src/stm32f7xx_hal_tim.c.obj
                0x080045d0                TIM_Base_SetConfig
 .text.TIM_OC1_SetConfig
                0x08004710       0xe4 CMakeFiles/cepptestprogrammer.dir/Drivers/STM32F7xx_HAL_Driver/Src/stm32f7xx_hal_tim.c.obj
 .text.TIM_OC2_SetConfig
                0x080047f4       0xf0 CMakeFiles/cepptestprogrammer.dir/Drivers/STM32F7xx_HAL_Driver/Src/stm32f7xx_hal_tim.c.obj
                0x080047f4                TIM_OC2_SetConfig
 .text.TIM_OC3_SetConfig
                0x080048e4       0xec CMakeFiles/cepptestprogrammer.dir/Drivers/STM32F7xx_HAL_Driver/Src/stm32f7xx_hal_tim.c.obj
 .text.TIM_OC4_SetConfig
                0x080049d0       0xb0 CMakeFiles/cepptestprogrammer.dir/Drivers/STM32F7xx_HAL_Driver/Src/stm32f7xx_hal_tim.c.obj
 .text.TIM_OC5_SetConfig
                0x08004a80       0xa4 CMakeFiles/cepptestprogrammer.dir/Drivers/STM32F7xx_HAL_Driver/Src/stm32f7xx_hal_tim.c.obj
 .text.TIM_OC6_SetConfig
                0x08004b24       0xa8 CMakeFiles/cepptestprogrammer.dir/Drivers/STM32F7xx_HAL_Driver/Src/stm32f7xx_hal_tim.c.obj
 .text.TIM_TI1_ConfigInputStage
                0x08004bcc       0x5e CMakeFiles/cepptestprogrammer.dir/Drivers/STM32F7xx_HAL_Driver/Src/stm32f7xx_hal_tim.c.obj
 .text.TIM_TI2_ConfigInputStage
                0x08004c2a       0x60 CMakeFiles/cepptestprogrammer.dir/Drivers/STM32F7xx_HAL_Driver/Src/stm32f7xx_hal_tim.c.obj
 .text.TIM_ITRx_SetConfig
                0x08004c8a       0x36 CMakeFiles/cepptestprogrammer.dir/Drivers/STM32F7xx_HAL_Driver/Src/stm32f7xx_hal_tim.c.obj
 .text.TIM_ETR_SetConfig
                0x08004cc0       0x40 CMakeFiles/cepptestprogrammer.dir/Drivers/STM32F7xx_HAL_Driver/Src/stm32f7xx_hal_tim.c.obj
                0x08004cc0                TIM_ETR_SetConfig
 .text.HAL_TIMEx_MasterConfigSynchronization
                0x08004d00      0x11c CMakeFiles/cepptestprogrammer.dir/Drivers/STM32F7xx_HAL_Driver/Src/stm32f7xx_hal_tim_ex.c.obj
                0x08004d00                HAL_TIMEx_MasterConfigSynchronization
 .text.HAL_UART_Init
                0x08004e1c       0x9c CMakeFiles/cepptestprogrammer.dir/Drivers/STM32F7xx_HAL_Driver/Src/stm32f7xx_hal_uart.c.obj
                0x08004e1c                HAL_UART_Init
 .text.UART_SetConfig
                0x08004eb8      0x4c8 CMakeFiles/cepptestprogrammer.dir/Drivers/STM32F7xx_HAL_Driver/Src/stm32f7xx_hal_uart.c.obj
                0x08004eb8                UART_SetConfig
 .text.UART_AdvFeatureConfig
                0x08005380      0x144 CMakeFiles/cepptestprogrammer.dir/Drivers/STM32F7xx_HAL_Driver/Src/stm32f7xx_hal_uart.c.obj
                0x08005380                UART_AdvFeatureConfig
 .text.UART_CheckIdleState
                0x080054c4       0x9a CMakeFiles/cepptestprogrammer.dir/Drivers/STM32F7xx_HAL_Driver/Src/stm32f7xx_hal_uart.c.obj
                0x080054c4                UART_CheckIdleState
 .text.UART_WaitOnFlagUntilTimeout
                0x0800555e      0x18c CMakeFiles/cepptestprogrammer.dir/Drivers/STM32F7xx_HAL_Driver/Src/stm32f7xx_hal_uart.c.obj
                0x0800555e                UART_WaitOnFlagUntilTimeout
 .text.USB_CoreInit
                0x080056ea       0xae CMakeFiles/cepptestprogrammer.dir/Drivers/STM32F7xx_HAL_Driver/Src/stm32f7xx_ll_usb.c.obj
                0x080056ea                USB_CoreInit
 .text.USB_DisableGlobalInt
                0x08005798       0x22 CMakeFiles/cepptestprogrammer.dir/Drivers/STM32F7xx_HAL_Driver/Src/stm32f7xx_ll_usb.c.obj
                0x08005798                USB_DisableGlobalInt
 .text.USB_SetCurrentMode
                0x080057ba       0x98 CMakeFiles/cepptestprogrammer.dir/Drivers/STM32F7xx_HAL_Driver/Src/stm32f7xx_ll_usb.c.obj
                0x080057ba                USB_SetCurrentMode
 *fill*         0x08005852        0x2 
 .text.USB_DevInit
                0x08005854      0x2bc CMakeFiles/cepptestprogrammer.dir/Drivers/STM32F7xx_HAL_Driver/Src/stm32f7xx_ll_usb.c.obj
                0x08005854                USB_DevInit
 .text.USB_FlushTxFifo
                0x08005b10       0x68 CMakeFiles/cepptestprogrammer.dir/Drivers/STM32F7xx_HAL_Driver/Src/stm32f7xx_ll_usb.c.obj
                0x08005b10                USB_FlushTxFifo
 .text.USB_FlushRxFifo
                0x08005b78       0x60 CMakeFiles/cepptestprogrammer.dir/Drivers/STM32F7xx_HAL_Driver/Src/stm32f7xx_ll_usb.c.obj
                0x08005b78                USB_FlushRxFifo
 .text.USB_SetDevSpeed
                0x08005bd8       0x32 CMakeFiles/cepptestprogrammer.dir/Drivers/STM32F7xx_HAL_Driver/Src/stm32f7xx_ll_usb.c.obj
                0x08005bd8                USB_SetDevSpeed
 .text.USB_DevDisconnect
                0x08005c0a       0x42 CMakeFiles/cepptestprogrammer.dir/Drivers/STM32F7xx_HAL_Driver/Src/stm32f7xx_ll_usb.c.obj
                0x08005c0a                USB_DevDisconnect
 .text.USB_GetMode
                0x08005c4c       0x1c CMakeFiles/cepptestprogrammer.dir/Drivers/STM32F7xx_HAL_Driver/Src/stm32f7xx_ll_usb.c.obj
                0x08005c4c                USB_GetMode
 .text.USB_CoreReset
                0x08005c68       0x68 CMakeFiles/cepptestprogrammer.dir/Drivers/STM32F7xx_HAL_Driver/Src/stm32f7xx_ll_usb.c.obj
 .text.Reset_Handler
                0x08005cd0       0x50 CMakeFiles/cepptestprogrammer.dir/Core/Startup/startup_stm32f767zitx.s.obj
                0x08005cd0                Reset_Handler
 .text.Default_Handler
                0x08005d20        0x2 CMakeFiles/cepptestprogrammer.dir/Core/Startup/startup_stm32f767zitx.s.obj
                0x08005d20                RTC_Alarm_IRQHandler
                0x08005d20                EXTI2_IRQHandler
                0x08005d20                TIM8_CC_IRQHandler
                0x08005d20                UART8_IRQHandler
                0x08005d20                SPI4_IRQHandler
                0x08005d20                TIM1_CC_IRQHandler
                0x08005d20                DMA2_Stream5_IRQHandler
                0x08005d20                JPEG_IRQHandler
                0x08005d20                CAN3_RX1_IRQHandler
                0x08005d20                PVD_IRQHandler
                0x08005d20                TAMP_STAMP_IRQHandler
                0x08005d20                CAN2_RX1_IRQHandler
                0x08005d20                EXTI3_IRQHandler
                0x08005d20                TIM8_TRG_COM_TIM14_IRQHandler
                0x08005d20                DFSDM1_FLT1_IRQHandler
                0x08005d20                TIM1_UP_TIM10_IRQHandler
                0x08005d20                TIM8_UP_TIM13_IRQHandler
                0x08005d20                I2C3_ER_IRQHandler
                0x08005d20                DFSDM1_FLT2_IRQHandler
                0x08005d20                EXTI0_IRQHandler
                0x08005d20                I2C2_EV_IRQHandler
                0x08005d20                DMA1_Stream2_IRQHandler
                0x08005d20                CAN1_RX0_IRQHandler
                0x08005d20                FPU_IRQHandler
                0x08005d20                OTG_HS_WKUP_IRQHandler
                0x08005d20                CAN3_SCE_IRQHandler
                0x08005d20                LTDC_ER_IRQHandler
                0x08005d20                CAN2_SCE_IRQHandler
                0x08005d20                DMA2_Stream2_IRQHandler
                0x08005d20                SPI1_IRQHandler
                0x08005d20                TIM6_DAC_IRQHandler
                0x08005d20                TIM1_BRK_TIM9_IRQHandler
                0x08005d20                DCMI_IRQHandler
                0x08005d20                CAN2_RX0_IRQHandler
                0x08005d20                DMA2_Stream3_IRQHandler
                0x08005d20                SAI2_IRQHandler
                0x08005d20                DFSDM1_FLT3_IRQHandler
                0x08005d20                USART6_IRQHandler
                0x08005d20                CAN3_RX0_IRQHandler
                0x08005d20                USART3_IRQHandler
                0x08005d20                CAN1_RX1_IRQHandler
                0x08005d20                UART5_IRQHandler
                0x08005d20                DMA2_Stream0_IRQHandler
                0x08005d20                TIM4_IRQHandler
                0x08005d20                QUADSPI_IRQHandler
                0x08005d20                I2C1_EV_IRQHandler
                0x08005d20                DMA1_Stream6_IRQHandler
                0x08005d20                DMA1_Stream1_IRQHandler
                0x08005d20                UART4_IRQHandler
                0x08005d20                TIM3_IRQHandler
                0x08005d20                RCC_IRQHandler
                0x08005d20                TIM8_BRK_TIM12_IRQHandler
                0x08005d20                Default_Handler
                0x08005d20                CEC_IRQHandler
                0x08005d20                EXTI15_10_IRQHandler
                0x08005d20                ADC_IRQHandler
                0x08005d20                DMA1_Stream7_IRQHandler
                0x08005d20                SPI5_IRQHandler
                0x08005d20                TIM7_IRQHandler
                0x08005d20                SDMMC1_IRQHandler
                0x08005d20                CAN2_TX_IRQHandler
                0x08005d20                TIM5_IRQHandler
                0x08005d20                DMA2_Stream7_IRQHandler
                0x08005d20                I2C3_EV_IRQHandler
                0x08005d20                EXTI9_5_IRQHandler
                0x08005d20                RTC_WKUP_IRQHandler
                0x08005d20                LTDC_IRQHandler
                0x08005d20                ETH_WKUP_IRQHandler
                0x08005d20                SPDIF_RX_IRQHandler
                0x08005d20                SPI2_IRQHandler
                0x08005d20                OTG_HS_EP1_IN_IRQHandler
                0x08005d20                DMA1_Stream0_IRQHandler
                0x08005d20                CAN1_TX_IRQHandler
                0x08005d20                EXTI4_IRQHandler
                0x08005d20                RNG_IRQHandler
                0x08005d20                ETH_IRQHandler
                0x08005d20                OTG_HS_EP1_OUT_IRQHandler
                0x08005d20                WWDG_IRQHandler
                0x08005d20                SPI6_IRQHandler
                0x08005d20                MDIOS_IRQHandler
                0x08005d20                I2C4_EV_IRQHandler
                0x08005d20                CAN3_TX_IRQHandler
                0x08005d20                TIM2_IRQHandler
                0x08005d20                OTG_FS_WKUP_IRQHandler
                0x08005d20                TIM1_TRG_COM_TIM11_IRQHandler
                0x08005d20                OTG_HS_IRQHandler
                0x08005d20                DMA2D_IRQHandler
                0x08005d20                EXTI1_IRQHandler
                0x08005d20                SDMMC2_IRQHandler
                0x08005d20                UART7_IRQHandler
                0x08005d20                USART2_IRQHandler
                0x08005d20                DFSDM1_FLT0_IRQHandler
                0x08005d20                I2C2_ER_IRQHandler
                0x08005d20                DMA2_Stream1_IRQHandler
                0x08005d20                CAN1_SCE_IRQHandler
                0x08005d20                FLASH_IRQHandler
                0x08005d20                DMA2_Stream4_IRQHandler
                0x08005d20                USART1_IRQHandler
                0x08005d20                OTG_FS_IRQHandler
                0x08005d20                SPI3_IRQHandler
                0x08005d20                DMA1_Stream4_IRQHandler
                0x08005d20                I2C1_ER_IRQHandler
                0x08005d20                FMC_IRQHandler
                0x08005d20                LPTIM1_IRQHandler
                0x08005d20                I2C4_ER_IRQHandler
                0x08005d20                DMA2_Stream6_IRQHandler
                0x08005d20                SAI1_IRQHandler
                0x08005d20                DMA1_Stream3_IRQHandler
 *(.glue_7)
 .glue_7        0x08005d22        0x0 linker stubs
 *(.glue_7t)
 .glue_7t       0x08005d22        0x0 linker stubs
 *(.eh_frame)
 *fill*         0x08005d22        0x2 
 .eh_frame      0x08005d24        0x0 c:/progra~2/gnuarm~1/102021~1.10/bin/../lib/gcc/arm-none-eabi/10.3.1/thumb/v7e-m+fp/hard/crtbegin.o
 *(.init)
 .init          0x08005d24        0x4 c:/progra~2/gnuarm~1/102021~1.10/bin/../lib/gcc/arm-none-eabi/10.3.1/thumb/v7e-m+fp/hard/crti.o
                0x08005d24                _init
 .init          0x08005d28        0x8 c:/progra~2/gnuarm~1/102021~1.10/bin/../lib/gcc/arm-none-eabi/10.3.1/thumb/v7e-m+fp/hard/crtn.o
 *(.fini)
 .fini          0x08005d30        0x4 c:/progra~2/gnuarm~1/102021~1.10/bin/../lib/gcc/arm-none-eabi/10.3.1/thumb/v7e-m+fp/hard/crti.o
                0x08005d30                _fini
 .fini          0x08005d34        0x8 c:/progra~2/gnuarm~1/102021~1.10/bin/../lib/gcc/arm-none-eabi/10.3.1/thumb/v7e-m+fp/hard/crtn.o
                0x08005d3c                . = ALIGN (0x4)
                0x08005d3c                _etext = .

.vfp11_veneer   0x08005d3c        0x0
 .vfp11_veneer  0x08005d3c        0x0 linker stubs

.v4_bx          0x08005d3c        0x0
 .v4_bx         0x08005d3c        0x0 linker stubs

.iplt           0x08005d3c        0x0
 .iplt          0x08005d3c        0x0 c:/progra~2/gnuarm~1/102021~1.10/bin/../lib/gcc/arm-none-eabi/10.3.1/thumb/v7e-m+fp/hard/crtbegin.o

.rodata         0x08005d3c       0x30
                0x08005d3c                . = ALIGN (0x4)
 *(.rodata)
 .rodata        0x08005d3c       0x10 CMakeFiles/cepptestprogrammer.dir/Core/Src/main.c.obj
 *(.rodata*)
 .rodata.AHBPrescTable
                0x08005d4c       0x10 CMakeFiles/cepptestprogrammer.dir/Core/Src/system_stm32f7xx.c.obj
                0x08005d4c                AHBPrescTable
 .rodata.APBPrescTable
                0x08005d5c        0x8 CMakeFiles/cepptestprogrammer.dir/Core/Src/system_stm32f7xx.c.obj
                0x08005d5c                APBPrescTable
 .rodata.flagBitshiftOffset.0
                0x08005d64        0x8 CMakeFiles/cepptestprogrammer.dir/Drivers/STM32F7xx_HAL_Driver/Src/stm32f7xx_hal_dma.c.obj
                0x08005d6c                . = ALIGN (0x4)

.ARM.extab      0x08005d6c        0x0
                0x08005d6c                . = ALIGN (0x4)
 *(.ARM.extab* .gnu.linkonce.armextab.*)
                0x08005d6c                . = ALIGN (0x4)

.ARM            0x08005d6c        0x8
                0x08005d6c                . = ALIGN (0x4)
                0x08005d6c                __exidx_start = .
 *(.ARM.exidx*)
 .ARM.exidx     0x08005d6c        0x8 c:/progra~2/gnuarm~1/102021~1.10/bin/../lib/gcc/arm-none-eabi/10.3.1/thumb/v7e-m+fp/hard\libgcc.a(_udivmoddi4.o)
                0x08005d74                __exidx_end = .
                0x08005d74                . = ALIGN (0x4)

.rel.dyn        0x08005d74        0x0
 .rel.iplt      0x08005d74        0x0 c:/progra~2/gnuarm~1/102021~1.10/bin/../lib/gcc/arm-none-eabi/10.3.1/thumb/v7e-m+fp/hard/crtbegin.o

.preinit_array  0x08005d74        0x0
                0x08005d74                . = ALIGN (0x4)
                0x08005d74                PROVIDE (__preinit_array_start = .)
 *(.preinit_array*)
                0x08005d74                PROVIDE (__preinit_array_end = .)
                0x08005d74                . = ALIGN (0x4)

.init_array     0x08005d74        0x4
                0x08005d74                . = ALIGN (0x4)
                0x08005d74                PROVIDE (__init_array_start = .)
 *(SORT_BY_NAME(.init_array.*))
 *(.init_array*)
 .init_array    0x08005d74        0x4 c:/progra~2/gnuarm~1/102021~1.10/bin/../lib/gcc/arm-none-eabi/10.3.1/thumb/v7e-m+fp/hard/crtbegin.o
                0x08005d78                PROVIDE (__init_array_end = .)
                0x08005d78                . = ALIGN (0x4)

.fini_array     0x08005d78        0x4
                0x08005d78                . = ALIGN (0x4)
                [!provide]                PROVIDE (__fini_array_start = .)
 *(SORT_BY_NAME(.fini_array.*))
 *(.fini_array*)
 .fini_array    0x08005d78        0x4 c:/progra~2/gnuarm~1/102021~1.10/bin/../lib/gcc/arm-none-eabi/10.3.1/thumb/v7e-m+fp/hard/crtbegin.o
                [!provide]                PROVIDE (__fini_array_end = .)
                0x08005d7c                . = ALIGN (0x4)
                0x08005d7c                _sidata = LOADADDR (.data)

.data           0x20000000        0xc load address 0x08005d7c
                0x20000000                . = ALIGN (0x4)
                0x20000000                _sdata = .
 *(.data)
 *(.data*)
 .data.SystemCoreClock
                0x20000000        0x4 CMakeFiles/cepptestprogrammer.dir/Core/Src/system_stm32f7xx.c.obj
                0x20000000                SystemCoreClock
 .data.uwTickPrio
                0x20000004        0x4 CMakeFiles/cepptestprogrammer.dir/Drivers/STM32F7xx_HAL_Driver/Src/stm32f7xx_hal.c.obj
                0x20000004                uwTickPrio
 .data.uwTickFreq
                0x20000008        0x1 CMakeFiles/cepptestprogrammer.dir/Drivers/STM32F7xx_HAL_Driver/Src/stm32f7xx_hal.c.obj
                0x20000008                uwTickFreq
 *(.RamFunc)
 *(.RamFunc*)
                0x2000000c                . = ALIGN (0x4)
 *fill*         0x20000009        0x3 
                0x2000000c                _edata = .

.igot.plt       0x2000000c        0x0 load address 0x08005d88
 .igot.plt      0x2000000c        0x0 c:/progra~2/gnuarm~1/102021~1.10/bin/../lib/gcc/arm-none-eabi/10.3.1/thumb/v7e-m+fp/hard/crtbegin.o

.RxDecripSection
                0x2000000c       0xa0 load address 0x08005d88
 .RxDecripSection
                0x2000000c       0xa0 CMakeFiles/cepptestprogrammer.dir/Core/Src/main.c.obj
                0x2000000c                DMARxDscrTab

.TxDecripSection
                0x200000ac       0xa0 load address 0x08005e28
 .TxDecripSection
                0x200000ac       0xa0 CMakeFiles/cepptestprogrammer.dir/Core/Src/main.c.obj
                0x200000ac                DMATxDscrTab
                0x2000014c                . = ALIGN (0x4)

.bss            0x2000014c      0x83c load address 0x08005ec8
                0x2000014c                _sbss = .
                0x2000014c                __bss_start__ = _sbss
 *(.bss)
 .bss           0x2000014c       0x1c c:/progra~2/gnuarm~1/102021~1.10/bin/../lib/gcc/arm-none-eabi/10.3.1/thumb/v7e-m+fp/hard/crtbegin.o
 *(.bss*)
 .bss.TxConfig  0x20000168       0x38 CMakeFiles/cepptestprogrammer.dir/Core/Src/main.c.obj
                0x20000168                TxConfig
 .bss.hdac      0x200001a0       0x14 CMakeFiles/cepptestprogrammer.dir/Core/Src/main.c.obj
                0x200001a0                hdac
 .bss.hdma_dac1
                0x200001b4       0x60 CMakeFiles/cepptestprogrammer.dir/Core/Src/main.c.obj
                0x200001b4                hdma_dac1
 .bss.heth      0x20000214       0xb0 CMakeFiles/cepptestprogrammer.dir/Core/Src/main.c.obj
                0x20000214                heth
 .bss.hi2c1     0x200002c4       0x54 CMakeFiles/cepptestprogrammer.dir/Core/Src/main.c.obj
                0x200002c4                hi2c1
 .bss.htim2     0x20000318       0x4c CMakeFiles/cepptestprogrammer.dir/Core/Src/main.c.obj
                0x20000318                htim2
 .bss.huart3    0x20000364       0x88 CMakeFiles/cepptestprogrammer.dir/Core/Src/main.c.obj
                0x20000364                huart3
 .bss.huart6    0x200003ec       0x88 CMakeFiles/cepptestprogrammer.dir/Core/Src/main.c.obj
                0x200003ec                huart6
 .bss.hpcd_USB_OTG_FS
                0x20000474      0x508 CMakeFiles/cepptestprogrammer.dir/Core/Src/main.c.obj
                0x20000474                hpcd_USB_OTG_FS
 .bss.MACAddr.0
                0x2000097c        0x6 CMakeFiles/cepptestprogrammer.dir/Core/Src/main.c.obj
 *fill*         0x20000982        0x2 
 .bss.uwTick    0x20000984        0x4 CMakeFiles/cepptestprogrammer.dir/Drivers/STM32F7xx_HAL_Driver/Src/stm32f7xx_hal.c.obj
                0x20000984                uwTick
 *(COMMON)
                0x20000988                . = ALIGN (0x4)
                0x20000988                _ebss = .
                0x20000988                __bss_end__ = _ebss

._user_heap_stack
                0x20000988      0x600 load address 0x08005ec8
                0x20000988                . = ALIGN (0x8)
                [!provide]                PROVIDE (end = .)
                0x20000988                PROVIDE (_end = .)
                0x20000b88                . = (. + _Min_Heap_Size)
 *fill*         0x20000988      0x200 
                0x20000f88                . = (. + _Min_Stack_Size)
 *fill*         0x20000b88      0x400 
                0x20000f88                . = ALIGN (0x8)

/DISCARD/
 libc.a(*)
 libm.a(*)
 libgcc.a(*)

.ARM.attributes
                0x00000000       0x30
 *(.ARM.attributes)
 .ARM.attributes
                0x00000000       0x1e c:/progra~2/gnuarm~1/102021~1.10/bin/../lib/gcc/arm-none-eabi/10.3.1/thumb/v7e-m+fp/hard/crti.o
 .ARM.attributes
                0x0000001e       0x34 c:/progra~2/gnuarm~1/102021~1.10/bin/../lib/gcc/arm-none-eabi/10.3.1/thumb/v7e-m+fp/hard/crtbegin.o
 .ARM.attributes
                0x00000052       0x34 c:/progra~2/gnuarm~1/102021~1.10/bin/../lib/gcc/arm-none-eabi/10.3.1/../../../../arm-none-eabi/lib/thumb/v7e-m+fp/hard\libc_nano.a(lib_a-init.o)
 .ARM.attributes
                0x00000086       0x34 c:/progra~2/gnuarm~1/102021~1.10/bin/../lib/gcc/arm-none-eabi/10.3.1/../../../../arm-none-eabi/lib/thumb/v7e-m+fp/hard\libc_nano.a(lib_a-memset.o)
 .ARM.attributes
                0x000000ba       0x34 CMakeFiles/cepptestprogrammer.dir/Core/Src/main.c.obj
 .ARM.attributes
                0x000000ee       0x34 CMakeFiles/cepptestprogrammer.dir/Core/Src/stm32f7xx_hal_msp.c.obj
 .ARM.attributes
                0x00000122       0x34 CMakeFiles/cepptestprogrammer.dir/Core/Src/stm32f7xx_it.c.obj
 .ARM.attributes
                0x00000156       0x34 CMakeFiles/cepptestprogrammer.dir/Core/Src/system_stm32f7xx.c.obj
 .ARM.attributes
                0x0000018a       0x34 CMakeFiles/cepptestprogrammer.dir/Drivers/STM32F7xx_HAL_Driver/Src/stm32f7xx_hal.c.obj
 .ARM.attributes
                0x000001be       0x34 CMakeFiles/cepptestprogrammer.dir/Drivers/STM32F7xx_HAL_Driver/Src/stm32f7xx_hal_cortex.c.obj
 .ARM.attributes
                0x000001f2       0x34 CMakeFiles/cepptestprogrammer.dir/Drivers/STM32F7xx_HAL_Driver/Src/stm32f7xx_hal_dac.c.obj
 .ARM.attributes
                0x00000226       0x34 CMakeFiles/cepptestprogrammer.dir/Drivers/STM32F7xx_HAL_Driver/Src/stm32f7xx_hal_dma.c.obj
 .ARM.attributes
                0x0000025a       0x34 CMakeFiles/cepptestprogrammer.dir/Drivers/STM32F7xx_HAL_Driver/Src/stm32f7xx_hal_eth.c.obj
 .ARM.attributes
                0x0000028e       0x34 CMakeFiles/cepptestprogrammer.dir/Drivers/STM32F7xx_HAL_Driver/Src/stm32f7xx_hal_gpio.c.obj
 .ARM.attributes
                0x000002c2       0x34 CMakeFiles/cepptestprogrammer.dir/Drivers/STM32F7xx_HAL_Driver/Src/stm32f7xx_hal_i2c.c.obj
 .ARM.attributes
                0x000002f6       0x34 CMakeFiles/cepptestprogrammer.dir/Drivers/STM32F7xx_HAL_Driver/Src/stm32f7xx_hal_i2c_ex.c.obj
 .ARM.attributes
                0x0000032a       0x34 CMakeFiles/cepptestprogrammer.dir/Drivers/STM32F7xx_HAL_Driver/Src/stm32f7xx_hal_pcd.c.obj
 .ARM.attributes
                0x0000035e       0x34 CMakeFiles/cepptestprogrammer.dir/Drivers/STM32F7xx_HAL_Driver/Src/stm32f7xx_hal_pcd_ex.c.obj
 .ARM.attributes
                0x00000392       0x34 CMakeFiles/cepptestprogrammer.dir/Drivers/STM32F7xx_HAL_Driver/Src/stm32f7xx_hal_pwr.c.obj
 .ARM.attributes
                0x000003c6       0x34 CMakeFiles/cepptestprogrammer.dir/Drivers/STM32F7xx_HAL_Driver/Src/stm32f7xx_hal_pwr_ex.c.obj
 .ARM.attributes
                0x000003fa       0x34 CMakeFiles/cepptestprogrammer.dir/Drivers/STM32F7xx_HAL_Driver/Src/stm32f7xx_hal_rcc.c.obj
 .ARM.attributes
                0x0000042e       0x34 CMakeFiles/cepptestprogrammer.dir/Drivers/STM32F7xx_HAL_Driver/Src/stm32f7xx_hal_rcc_ex.c.obj
 .ARM.attributes
                0x00000462       0x34 CMakeFiles/cepptestprogrammer.dir/Drivers/STM32F7xx_HAL_Driver/Src/stm32f7xx_hal_tim.c.obj
 .ARM.attributes
                0x00000496       0x34 CMakeFiles/cepptestprogrammer.dir/Drivers/STM32F7xx_HAL_Driver/Src/stm32f7xx_hal_tim_ex.c.obj
 .ARM.attributes
                0x000004ca       0x34 CMakeFiles/cepptestprogrammer.dir/Drivers/STM32F7xx_HAL_Driver/Src/stm32f7xx_hal_uart.c.obj
 .ARM.attributes
                0x000004fe       0x34 CMakeFiles/cepptestprogrammer.dir/Drivers/STM32F7xx_HAL_Driver/Src/stm32f7xx_ll_usb.c.obj
 .ARM.attributes
                0x00000532       0x21 CMakeFiles/cepptestprogrammer.dir/Core/Startup/startup_stm32f767zitx.s.obj
 .ARM.attributes
                0x00000553       0x1e c:/progra~2/gnuarm~1/102021~1.10/bin/../lib/gcc/arm-none-eabi/10.3.1/thumb/v7e-m+fp/hard\libgcc.a(_aeabi_uldivmod.o)
 .ARM.attributes
                0x00000571       0x34 c:/progra~2/gnuarm~1/102021~1.10/bin/../lib/gcc/arm-none-eabi/10.3.1/thumb/v7e-m+fp/hard\libgcc.a(_udivmoddi4.o)
 .ARM.attributes
                0x000005a5       0x1e c:/progra~2/gnuarm~1/102021~1.10/bin/../lib/gcc/arm-none-eabi/10.3.1/thumb/v7e-m+fp/hard\libgcc.a(_dvmd_tls.o)
 .ARM.attributes
                0x000005c3       0x1e c:/progra~2/gnuarm~1/102021~1.10/bin/../lib/gcc/arm-none-eabi/10.3.1/thumb/v7e-m+fp/hard/crtn.o
OUTPUT(cepptestprogrammer.elf elf32-littlearm)
LOAD linker stubs
LOAD c:/progra~2/gnuarm~1/102021~1.10/bin/../lib/gcc/arm-none-eabi/10.3.1/../../../../arm-none-eabi/lib/thumb/v7e-m+fp/hard\libc.a
LOAD c:/progra~2/gnuarm~1/102021~1.10/bin/../lib/gcc/arm-none-eabi/10.3.1/../../../../arm-none-eabi/lib/thumb/v7e-m+fp/hard\libm.a
LOAD c:/progra~2/gnuarm~1/102021~1.10/bin/../lib/gcc/arm-none-eabi/10.3.1/thumb/v7e-m+fp/hard\libgcc.a

.debug_frame    0x00000000       0xac
 .debug_frame   0x00000000       0x2c c:/progra~2/gnuarm~1/102021~1.10/bin/../lib/gcc/arm-none-eabi/10.3.1/../../../../arm-none-eabi/lib/thumb/v7e-m+fp/hard\libc_nano.a(lib_a-init.o)
 .debug_frame   0x0000002c       0x20 c:/progra~2/gnuarm~1/102021~1.10/bin/../lib/gcc/arm-none-eabi/10.3.1/../../../../arm-none-eabi/lib/thumb/v7e-m+fp/hard\libc_nano.a(lib_a-memset.o)
 .debug_frame   0x0000004c       0x2c c:/progra~2/gnuarm~1/102021~1.10/bin/../lib/gcc/arm-none-eabi/10.3.1/thumb/v7e-m+fp/hard\libgcc.a(_aeabi_uldivmod.o)
 .debug_frame   0x00000078       0x34 c:/progra~2/gnuarm~1/102021~1.10/bin/../lib/gcc/arm-none-eabi/10.3.1/thumb/v7e-m+fp/hard\libgcc.a(_udivmoddi4.o)

.comment        0x00000000       0x49
 .comment       0x00000000       0x49 CMakeFiles/cepptestprogrammer.dir/Core/Src/main.c.obj
                                 0x4a (size before relaxing)
 .comment       0x00000049       0x4a CMakeFiles/cepptestprogrammer.dir/Core/Src/stm32f7xx_hal_msp.c.obj
 .comment       0x00000049       0x4a CMakeFiles/cepptestprogrammer.dir/Core/Src/stm32f7xx_it.c.obj
 .comment       0x00000049       0x4a CMakeFiles/cepptestprogrammer.dir/Core/Src/system_stm32f7xx.c.obj
 .comment       0x00000049       0x4a CMakeFiles/cepptestprogrammer.dir/Drivers/STM32F7xx_HAL_Driver/Src/stm32f7xx_hal.c.obj
 .comment       0x00000049       0x4a CMakeFiles/cepptestprogrammer.dir/Drivers/STM32F7xx_HAL_Driver/Src/stm32f7xx_hal_cortex.c.obj
 .comment       0x00000049       0x4a CMakeFiles/cepptestprogrammer.dir/Drivers/STM32F7xx_HAL_Driver/Src/stm32f7xx_hal_dac.c.obj
 .comment       0x00000049       0x4a CMakeFiles/cepptestprogrammer.dir/Drivers/STM32F7xx_HAL_Driver/Src/stm32f7xx_hal_dma.c.obj
 .comment       0x00000049       0x4a CMakeFiles/cepptestprogrammer.dir/Drivers/STM32F7xx_HAL_Driver/Src/stm32f7xx_hal_eth.c.obj
 .comment       0x00000049       0x4a CMakeFiles/cepptestprogrammer.dir/Drivers/STM32F7xx_HAL_Driver/Src/stm32f7xx_hal_gpio.c.obj
 .comment       0x00000049       0x4a CMakeFiles/cepptestprogrammer.dir/Drivers/STM32F7xx_HAL_Driver/Src/stm32f7xx_hal_i2c.c.obj
 .comment       0x00000049       0x4a CMakeFiles/cepptestprogrammer.dir/Drivers/STM32F7xx_HAL_Driver/Src/stm32f7xx_hal_i2c_ex.c.obj
 .comment       0x00000049       0x4a CMakeFiles/cepptestprogrammer.dir/Drivers/STM32F7xx_HAL_Driver/Src/stm32f7xx_hal_pcd.c.obj
 .comment       0x00000049       0x4a CMakeFiles/cepptestprogrammer.dir/Drivers/STM32F7xx_HAL_Driver/Src/stm32f7xx_hal_pcd_ex.c.obj
 .comment       0x00000049       0x4a CMakeFiles/cepptestprogrammer.dir/Drivers/STM32F7xx_HAL_Driver/Src/stm32f7xx_hal_pwr.c.obj
 .comment       0x00000049       0x4a CMakeFiles/cepptestprogrammer.dir/Drivers/STM32F7xx_HAL_Driver/Src/stm32f7xx_hal_pwr_ex.c.obj
 .comment       0x00000049       0x4a CMakeFiles/cepptestprogrammer.dir/Drivers/STM32F7xx_HAL_Driver/Src/stm32f7xx_hal_rcc.c.obj
 .comment       0x00000049       0x4a CMakeFiles/cepptestprogrammer.dir/Drivers/STM32F7xx_HAL_Driver/Src/stm32f7xx_hal_rcc_ex.c.obj
 .comment       0x00000049       0x4a CMakeFiles/cepptestprogrammer.dir/Drivers/STM32F7xx_HAL_Driver/Src/stm32f7xx_hal_tim.c.obj
 .comment       0x00000049       0x4a CMakeFiles/cepptestprogrammer.dir/Drivers/STM32F7xx_HAL_Driver/Src/stm32f7xx_hal_tim_ex.c.obj
 .comment       0x00000049       0x4a CMakeFiles/cepptestprogrammer.dir/Drivers/STM32F7xx_HAL_Driver/Src/stm32f7xx_hal_uart.c.obj
 .comment       0x00000049       0x4a CMakeFiles/cepptestprogrammer.dir/Drivers/STM32F7xx_HAL_Driver/Src/stm32f7xx_ll_usb.c.obj
