../Core/Src/main.c:105:5:main	40	static
../Core/Src/main.c:247:6:SystemClock_Config	88	static
../Core/Src/main.c:305:13:MX_DAC_Init	16	static
../Core/Src/main.c:345:13:MX_ETH_Init	8	static
../Core/Src/main.c:394:13:MX_I2C1_Init	8	static
../Core/Src/main.c:442:13:MX_TIM2_Init	64	static
../Core/Src/main.c:501:13:MX_USART3_UART_Init	8	static
../Core/Src/main.c:536:13:MX_USART6_UART_Init	8	static
../Core/Src/main.c:571:13:MX_USB_OTG_FS_PCD_Init	8	static
../Core/Src/main.c:604:13:MX_DMA_Init	16	static
../Core/Src/main.c:622:13:MX_GPIO_Init	64	static
../Core/Src/main.c:712:6:Error_Handler	4	static,ignoring_inline_asm
